 
****************************************
Report : power
        -analysis_effort low
Design : CORDIC_ip
Version: L-2016.03-SP1
Date   : Sat Feb  8 03:50:21 2025
****************************************


Library(s) Used:

    tcbn65lplt_ccs (File: /tech2/tsmc65lp_lib/TSMCHOME/digital/Front_End/timing_power_noise/CCS/tcbn65lp_200a/tcbn65lplt_ccs.db)


Operating Conditions: LTCOM   Library: tcbn65lplt_ccs
Wire Load Model Mode: segmented

Design        Wire Load Model            Library
------------------------------------------------
CORDIC_ip              ZeroWireload      tcbn65lplt_ccs


Global Operating Voltage = 1.32 
Power-specific unit information :
    Voltage Units = 1V
    Capacitance Units = 1.000000pf
    Time Units = 1ns
    Dynamic Power Units = 1mW    (derived from V,C,T units)
    Leakage Power Units = 1nW


  Cell Internal Power  =  10.5219 mW   (80%)
  Net Switching Power  =   2.5784 mW   (20%)
                         ---------
Total Dynamic Power    =  13.1003 mW  (100%)

Cell Leakage Power     = 219.3708 nW


                 Internal         Switching           Leakage            Total
Power Group      Power            Power               Power              Power   (   %    )  Attrs
--------------------------------------------------------------------------------------------------
io_pad             0.0000            0.0000            0.0000            0.0000  (   0.00%)
memory             0.0000            0.0000            0.0000            0.0000  (   0.00%)
black_box          0.0000            0.0000            0.0000            0.0000  (   0.00%)
clock_network      0.0000            0.0000            0.0000            0.0000  (   0.00%)
register           7.9698            0.5756           75.7118            8.5455  (  65.23%)
sequential         0.0000            0.0000            0.0000            0.0000  (   0.00%)
combinational      2.5521            2.0028          143.6589            4.5550  (  34.77%)
--------------------------------------------------------------------------------------------------
Total             10.5219 mW         2.5784 mW       219.3708 nW        13.1005 mW
1
