 
****************************************
Report : qor
Design : CORDIC_ip
Version: L-2016.03-SP1
Date   : Thu Feb  6 13:16:37 2025
****************************************


  Timing Path Group 'clk'
  -----------------------------------
  Levels of Logic:             6.0000
  Critical Path Length:        0.3358
  Critical Path Slack:         0.0002
  Critical Path Clk Period:    0.3500
  Total Negative Slack:        0.0000
  No. of Violating Paths:      0.0000
  Worst Hold Violation:       -0.0163
  Total Hold Violation:       -0.4205
  No. of Hold Violations:     27.0000
  -----------------------------------


  Cell Count
  -----------------------------------
  Hierarchical Cell Count:          0
  Hierarchical Port Count:          0
  Leaf Cell Count:               1802
  Buf/Inv Cell Count:             338
  Buf Cell Count:                   1
  Inv Cell Count:                 337
  CT Buf/Inv Cell Count:            0
  Combinational Cell Count:      1609
  Sequential Cell Count:          193
  Macro Count:                      0
  -----------------------------------


  Area
  -----------------------------------
  Combinational Area:       3013.2001
  Noncombinational Area:    1342.8000
  Buf/Inv Area:              369.7200
  Total Buffer Area:           1.4400
  Total Inverter Area:       368.2800
  Macro/Black Box Area:        0.0000
  Net Area:                    0.0000
  -----------------------------------
  Cell Area:                4356.0001
  Design Area:              4356.0001


  Design Rules
  -----------------------------------
  Total Number of Nets:          1834
  Nets With Violations:             0
  Max Trans Violations:             0
  Max Cap Violations:               0
  -----------------------------------


  Hostname: edahost

  Compile CPU Statistics
  -----------------------------------------
  Resource Sharing:                  1.8784
  Logic Optimization:                9.9809
  Mapping Optimization:              9.5350
  -----------------------------------------
  Overall Compile Time:             66.5057
  Overall Compile Wall Clock Time:  60.9161

  --------------------------------------------------------------------

  Design  WNS: 0.0000  TNS: 0.0000  Number of Violating Paths: 0


  Design (Hold)  WNS: 0.0163  TNS: 0.4205  Number of Violating Paths: 27

  --------------------------------------------------------------------


1
