 
****************************************
Report : power
        -analysis_effort low
Design : CORDIC_ip
Version: L-2016.03-SP1
Date   : Thu Feb  6 02:34:36 2025
****************************************


Library(s) Used:

    tcbn65lplt_ccs (File: /tech2/tsmc65lp_lib/TSMCHOME/digital/Front_End/timing_power_noise/CCS/tcbn65lp_200a/tcbn65lplt_ccs.db)


Operating Conditions: LTCOM   Library: tcbn65lplt_ccs
Wire Load Model Mode: segmented

Design        Wire Load Model            Library
------------------------------------------------
CORDIC_ip              ZeroWireload      tcbn65lplt_ccs


Global Operating Voltage = 1.32 
Power-specific unit information :
    Voltage Units = 1V
    Capacitance Units = 1.000000pf
    Time Units = 1ns
    Dynamic Power Units = 1mW    (derived from V,C,T units)
    Leakage Power Units = 1nW


  Cell Internal Power  =  10.1808 mW   (83%)
  Net Switching Power  =   2.1168 mW   (17%)
                         ---------
Total Dynamic Power    =  12.2976 mW  (100%)

Cell Leakage Power     = 204.2258 nW


                 Internal         Switching           Leakage            Total
Power Group      Power            Power               Power              Power   (   %    )  Attrs
--------------------------------------------------------------------------------------------------
io_pad             0.0000            0.0000            0.0000            0.0000  (   0.00%)
memory             0.0000            0.0000            0.0000            0.0000  (   0.00%)
black_box          0.0000            0.0000            0.0000            0.0000  (   0.00%)
clock_network      0.0000            0.0000            0.0000            0.0000  (   0.00%)
register           8.0580            0.5546           78.1812            8.6127  (  70.03%)
sequential         0.0000            0.0000            0.0000            0.0000  (   0.00%)
combinational      2.1228            1.5622          126.0406            3.6851  (  29.97%)
--------------------------------------------------------------------------------------------------
Total             10.1808 mW         2.1168 mW       204.2218 nW        12.2978 mW
1
